<html>
<body>
<pre>
<h1>µVision Build Log</h1>
<h2>Tool Versions:</h2>
IDE-Version: µVision V5.29.0.0
Copyright (C) 2019 ARM Ltd and ARM Germany GmbH. All rights reserved.
License Information: Artemiy Shushuev, none, LIC=----
 
Tool Versions:
Toolchain:       MDK-Lite  Version: 5.29.0.0
Toolchain Path:  C:\Keil_v5\ARM\ARMCC\Bin
C Compiler:      Armcc.exe V5.06 update 6 (build 750)
Assembler:       Armasm.exe V5.06 update 6 (build 750)
Linker/Locator:  ArmLink.exe V5.06 update 6 (build 750)
Library Manager: ArmAr.exe V5.06 update 6 (build 750)
Hex Converter:   FromElf.exe V5.06 update 6 (build 750)
CPU DLL:         SARMCM3.DLL V5.29.0.0
Dialog DLL:      DARMCM1.DLL V1.19.2.0
Target DLL:      STLink\ST-LINKIII-KEIL_SWO.dll V3.0.7.0
Dialog DLL:      TARMCM1.DLL V1.14.1.0
 
<h2>Project:</h2>
C:\Users\art_home\university\schem\sem6\BluetoothDecoder\firmware\bluetooth_decoder_firmware.uvprojx
Project File Date:  06/02/2020

<h2>Output:</h2>
*** Using Compiler 'V5.06 update 6 (build 750)', folder: 'C:\Keil_v5\ARM\ARMCC\Bin'
Rebuild target 'bluetooth_decoder'
compiling queue.c...
compiling io.c...
compiling main.c...
compiling usart_io_base.c...
compiling usart_io.c...
compiling usart_interrupt.c...
compiling stm32f0xx_ll_adc.c...
compiling stm32f0xx_ll_comp.c...
compiling stm32f0xx_ll_crc.c...
compiling stm32f0xx_ll_crs.c...
compiling stm32f0xx_ll_dac.c...
compiling stm32f0xx_ll_dma.c...
compiling stm32f0xx_ll_exti.c...
compiling stm32f0xx_ll_gpio.c...
compiling stm32f0xx_ll_i2c.c...
compiling stm32f0xx_ll_pwr.c...
compiling stm32f0xx_ll_rcc.c...
compiling stm32f0xx_ll_rtc.c...
compiling stm32f0xx_ll_spi.c...
compiling stm32f0xx_ll_tim.c...
compiling stm32f0xx_ll_usart.c...
compiling stm32f0xx_ll_utils.c...
compiling stm32f0xx_ll.c...
assembling startup_stm32f030x8.s...
compiling system_stm32f0xx.c...
linking...
Program Size: Code=1124 RO-data=212 RW-data=8 ZI-data=2160  
FromELF: creating hex file...
".\Objects\bluetooth_decoder_firmware.axf" - 0 Error(s), 0 Warning(s).

<h2>Software Packages used:</h2>

Package Vendor: ARM
                http://www.keil.com/pack/ARM.CMSIS.5.6.0.pack
                ARM.CMSIS.5.6.0
                CMSIS (Cortex Microcontroller Software Interface Standard)
   * Component: CORE Version: 5.3.0

Package Vendor: Keil
                http://www.keil.com/pack/Keil.STM32F0xx_DFP.2.0.0.pack
                Keil.STM32F0xx_DFP.2.0.0
                STMicroelectronics STM32F0 Series Device Support, Drivers and Examples
   * Component: ADC Version: 1.7.0
   * Component: COMMON Version: 1.7.0
   * Component: COMP Version: 1.7.0
   * Component: CRC Version: 1.7.0
   * Component: CRS Version: 1.7.0
   * Component: DAC Version: 1.7.0
   * Component: DMA Version: 1.7.0
   * Component: EXTI Version: 1.7.0
   * Component: GPIO Version: 1.7.0
   * Component: I2C Version: 1.7.0
   * Component: PWR Version: 1.7.0
   * Component: RCC Version: 1.7.0
   * Component: RTC Version: 1.7.0
   * Component: SPI Version: 1.7.0
   * Component: TIM Version: 1.7.0
   * Component: USART Version: 1.7.0
   * Component: UTILS Version: 1.7.0
   * Component: Startup Version: 1.0.0

<h2>Collection of Component include folders:</h2>
  .\RTE\_bluetooth_decoder
  C:\Users\art_home\AppData\Local\Arm\Packs\ARM\CMSIS\5.6.0\CMSIS\Core\Include
  C:\Users\art_home\AppData\Local\Arm\Packs\Keil\STM32F0xx_DFP\2.0.0\Drivers\CMSIS\Device\ST\STM32F0xx\Include
  C:\Users\art_home\AppData\Local\Arm\Packs\Keil\STM32F0xx_DFP\2.0.0\Drivers\STM32F0xx_HAL_Driver\Inc
  C:\Users\art_home\AppData\Local\Arm\Packs\Keil\STM32F0xx_DFP\2.0.0\Drivers\STM32F0xx_HAL_Driver\Inc\Legacy

<h2>Collection of Component Files used:</h2>

   * Component: ARM::CMSIS:CORE:5.3.0

   * Component: Keil.Standalone::Device:STM32Cube LL:ADC:1.7.0
      Source file:   Drivers\STM32F0xx_HAL_Driver\Src\stm32f0xx_ll_adc.c

   * Component: Keil.Standalone::Device:STM32Cube LL:COMMON:1.7.0
      Source file:   MDK\Driver\stm32f0xx_ll.c
      Source file:   MDK\Templates_LL\Src\main.c
      Include file:  MDK\Templates_LL\Inc\stm32f0xx_it.h
      Source file:   MDK\Templates_LL\Src\stm32f0xx_it.c
      Include file:  MDK\Templates_LL\Inc\main.h
      Include file:  MDK\Templates_LL\Inc\stm32_assert.h

   * Component: Keil.Standalone::Device:STM32Cube LL:COMP:1.7.0
      Source file:   Drivers\STM32F0xx_HAL_Driver\Src\stm32f0xx_ll_comp.c

   * Component: Keil.Standalone::Device:STM32Cube LL:CRC:1.7.0
      Source file:   Drivers\STM32F0xx_HAL_Driver\Src\stm32f0xx_ll_crc.c

   * Component: Keil.Standalone::Device:STM32Cube LL:CRS:1.7.0
      Source file:   Drivers\STM32F0xx_HAL_Driver\Src\stm32f0xx_ll_crs.c

   * Component: Keil.Standalone::Device:STM32Cube LL:DAC:1.7.0
      Source file:   Drivers\STM32F0xx_HAL_Driver\Src\stm32f0xx_ll_dac.c

   * Component: Keil.Standalone::Device:STM32Cube LL:DMA:1.7.0
      Source file:   Drivers\STM32F0xx_HAL_Driver\Src\stm32f0xx_ll_dma.c

   * Component: Keil.Standalone::Device:STM32Cube LL:EXTI:1.7.0
      Source file:   Drivers\STM32F0xx_HAL_Driver\Src\stm32f0xx_ll_exti.c

   * Component: Keil.Standalone::Device:STM32Cube LL:GPIO:1.7.0
      Source file:   Drivers\STM32F0xx_HAL_Driver\Src\stm32f0xx_ll_gpio.c

   * Component: Keil.Standalone::Device:STM32Cube LL:I2C:1.7.0
      Source file:   Drivers\STM32F0xx_HAL_Driver\Src\stm32f0xx_ll_i2c.c

   * Component: Keil.Standalone::Device:STM32Cube LL:PWR:1.7.0
      Source file:   Drivers\STM32F0xx_HAL_Driver\Src\stm32f0xx_ll_pwr.c

   * Component: Keil.Standalone::Device:STM32Cube LL:RCC:1.7.0
      Source file:   Drivers\STM32F0xx_HAL_Driver\Src\stm32f0xx_ll_rcc.c

   * Component: Keil.Standalone::Device:STM32Cube LL:RTC:1.7.0
      Source file:   Drivers\STM32F0xx_HAL_Driver\Src\stm32f0xx_ll_rtc.c

   * Component: Keil.Standalone::Device:STM32Cube LL:SPI:1.7.0
      Source file:   Drivers\STM32F0xx_HAL_Driver\Src\stm32f0xx_ll_spi.c

   * Component: Keil.Standalone::Device:STM32Cube LL:TIM:1.7.0
      Source file:   Drivers\STM32F0xx_HAL_Driver\Src\stm32f0xx_ll_tim.c

   * Component: Keil.Standalone::Device:STM32Cube LL:USART:1.7.0
      Source file:   Drivers\STM32F0xx_HAL_Driver\Src\stm32f0xx_ll_usart.c

   * Component: Keil.Standalone::Device:STM32Cube LL:UTILS:1.7.0
      Source file:   Drivers\STM32F0xx_HAL_Driver\Src\stm32f0xx_ll_utils.c

   * Component: Keil.Standalone::Device:Startup:1.0.0
      Source file:   MDK\Device\Source\ARM\STM32F0xx_OPT.s
      Include file:  Drivers\CMSIS\Device\ST\STM32F0xx\Include\stm32f0xx.h
      Source file:   Drivers\CMSIS\Device\ST\STM32F0xx\Source\Templates\arm\startup_stm32f030x8.s
      Source file:   Drivers\CMSIS\Device\ST\STM32F0xx\Source\Templates\system_stm32f0xx.c
Build Time Elapsed:  00:00:05
</pre>
</body>
</html>
